XLIB_1.0 {
	global:
		XAllocClassHint;
		XAllocSizeHints;
		XAllocWMHints;
		XAutoRepeatOff;
		XAutoRepeatOn;
		XBell;
		XBitmapBitOrder;
		XBitmapPad;
		XBitmapUnit;
		XBlackPixel;
		XBlackPixelOfScreen;
		XCellsOfScreen;
		XChangeGC;
		XChangeKeyboardControl;
		XChangeKeyboardMapping;
		XChangePointerControl;
		XChangeProperty;
		XChangeWindowAttributes;
		XCheckIfEvent;
		XCirculateSubwindows;
		XCirculateSubwindowsDown;
		XCirculateSubwindowsUp;
		XClearArea;
		XClearWindow;
		XCloseDisplay;
		XConfigureWindow;
		XConnectionNumber;
		XCopyArea;
		XCopyGC;
		XCreateBitmapFromData;
		XCreateFontCursor;
		XCreateGC;
		XCreateGlyphCursor;
		XCreateImage;
		XCreatePixmap;
		XCreatePixmapCursor;
		XCreateSimpleWindow;
		XCreateWindow;
		XDefaultColormap;
		XDefaultColormapOfScreen;
		XDefaultDepth;
		XDefaultDepthOfScreen;
		XDefaultGC;
		XDefaultGCOfScreen;
		XDefaultRootWindow;
		XDefaultScreen;
		XDefaultScreenOfDisplay;
		XDefaultVisual;
		XDefaultVisualOfScreen;
		XDefineCursor;
		XDeleteModifiermapEntry;
		XDeleteProperty;
		XDestroyImage;
		XDestroySubwindows;
		XDestroyWindow;
		XDisplayCells;
		XDisplayHeight;
		XDisplayHeightMM;
		XDisplayKeycodes;
		XDisplayMotionBufferSize;
		XDisplayOfScreen;
		XDisplayPlanes;
		XDisplayString;
		XDisplayWidth;
		XDisplayWidthMM;
		XDoesBackingStore;
		XDoesSaveUnders;
		XDrawArc;
		XDrawArcs;
		XDrawLine;
		XDrawLines;
		XDrawPoint;
		XDrawPoints;
		XDrawRectangle;
		XDrawRectangles;
		XDrawSegments;
		XDrawString;
		XEventMaskOfScreen;
		XExtendedMaxRequestSize;
		XFillArc;
		XFillArcs;
		XFillPolygon;
		XFillRectangle;
		XFillRectangles;
		XFlush;
		XFlushGC;
		XFree;
		XFreeCursor;
		XFreeGC;
		XFreeModifiermap;
		XFreePixmap;
		XFreeStringList;
		XGContextFromGC;
		XGetAtomName;
		XGetAtomNames;
		XGetGeometry;
		XGetImage;
		XGetInputFocus;
		XGetKeyboardControl;
		XGetKeyboardMapping;
		XGetModifierMapping;
		XGetPointerControl;
		XGetPointerMapping;
		XGetTextProperty;
		XGetVisualInfo;
		XGetWindowAttributes;
		XGetWindowProperty;
		XGetWMClientMachine;
		XGetWMIconName;
		XGetWMName;
		XGrabButton;
		XGrabPointer;
		XGrabServer;
		XHeightMMOfScreen;
		XHeightOfScreen;
		XIfEvent;
		XImageByteOrder;
		XInsertModifiermapEntry;
		XInternAtom;
		XLastKnownRequestProcessed;
		xlib_copy_event;
		xlib_handle_error;
		xlib_handle_request_async;
		xlib_handle_request_async_xid;
		xlib_handle_request_check;
		xlib_handle_request_check_xid;
		xlib_print_error;
		XListDepths;
		XListExtensions;
		XListFonts;
		XListPixmapFormats;
		XListProperties;
		XLoadFont;
		XLookupKeysym;
		XLowerWindow;
		XMapRaised;
		XMapSubwindows;
		XMapWindow;
		XMatchVisualInfo;
		XMaxCmapsOfScreen;
		XMaxRequestSize;
		XMinCmapsOfScreen;
		XMoveResizeWindow;
		XMoveWindow;
		XNewModifiermap;
		XNextEvent;
		XNextRequest;
		XOpenDisplay;
		XPeekEvent;
		XPeekIfEvent;
		XPending;
		XPlanesOfScreen;
		XProtocolRevision;
		XProtocolVersion;
		XPutBackEvent;
		XPutImage;
		XQLength;
		XQueryBestCursor;
		XQueryBestSize;
		XQueryBestStipple;
		XQueryBestTile;
		XQueryExtension;
		XQueryPointer;
		XQueryTextExtents;
		XQueryTree;
		XRaiseWindow;
		XRecolorCursor;
		XRefreshKeyboardMapping;
		XReparentWindow;
		XResizeWindow;
		XRootWindow;
		XRootWindowOfScreen;
		XRotateWindowProperties;
		XScreenCount;
		XScreenNumberOfScreen;
		XScreenOfDisplay;
		XSelectInput;
		XServerVendor;
		XSetArcMode;
		XSetBackground;
		XSetClassHint;
		XSetClipMask;
		XSetClipOrigin;
		XSetClipRectangles;
		XSetCommand;
		XSetDashes;
		XSetErrorHandler;
		XSetFillRule;
		XSetFillStyle;
		XSetFont;
		XSetForeground;
		XSetFunction;
		XSetInputFocus;
		XSetLineAttributes;
		XSetModifierMapping;
		XSetPlaneMask;
		XSetPointerMapping;
		XSetRegion;
		XSetStandardProperties;
		XSetStipple;
		XSetTextProperty;
		XSetTile;
		XSetTSOrigin;
		XSetWindowBackground;
		XSetWindowBackgroundPixmap;
		XSetWindowBorder;
		XSetWindowBorderPixmap;
		XSetWindowBorderWidth;
		XSetWindowColormap;
		XSetWMClientMachine;
		XSetWMHints;
		XSetWMIconName;
		XSetWMName;
		XSetWMNormalHints;
		XSetWMProperties;
		XStoreName;
		XStringListToTextProperty;
		XSync;
		XSynchronize;
		XUndefineCursor;
		XUngrabButton;
		XUngrabPointer;
		XUngrabServer;
		XUnloadFont;
		XUnmapSubwindows;
		XUnmapWindow;
		XVendorRelease;
		XVisualIDFromVisual;
		XWarpPointer;
		XWhitePixel;
		XWhitePixelOfScreen;
		XWidthMMOfScreen;
		XWidthOfScreen;
	local: *;
};
