JKSSL_1.0 {
	global:
		a2i_dh_params;
		a2i_dsa_params;
		a2i_dsa_private_key;
		a2i_dsa_pubkey;
		a2i_dsa_public_key;
		a2i_dsa_sig;
		a2i_rsa_private_key;
		a2i_rsa_pubkey;
		a2i_rsa_public_key;
		a2i_x509;
		a2i_x509_algor;
		a2i_x509_extension;
		a2i_x509_name;
		a2i_x509_name_entry;
		a2i_x509_pubkey;
		ask_password_confirm;
		asn1_bit_string_dup;
		asn1_bit_string_free;
		asn1_bit_string_get;
		asn1_bit_string_new;
		asn1_bit_string_set0;
		asn1_bit_string_set1;
		asn1_BMP_string_new;
		asn1_boolean_dup;
		asn1_boolean_free;
		asn1_boolean_new;
		asn1_constructed_add1;
		asn1_constructed_dup;
		asn1_constructed_free;
		asn1_constructed_new;
		asn1_generalized_time_new;
		asn1_general_string_new;
		asn1_graphic_string_new;
		asn1_ia5_string_new;
		asn1_integer_dup;
		asn1_integer_free;
		asn1_integer_get_bignum;
		asn1_integer_get_uint64;
		asn1_integer_new;
		asn1_integer_set0_data;
		asn1_integer_set1_data;
		asn1_integer_set_bignum;
		asn1_integer_set_uint64;
		asn1_null_dup;
		asn1_null_free;
		asn1_null_new;
		asn1_object_dup;
		asn1_object_free;
		asn1_object_up_ref;
		asn1_octet_string_dup;
		asn1_octet_string_free;
		asn1_octet_string_get;
		asn1_octet_string_new;
		asn1_octet_string_set0;
		asn1_octet_string_set1;
		asn1_oid_cmp;
		asn1_oid_cmp_uint32;
		asn1_oid_dup;
		asn1_oid_free;
		asn1_oid_get0;
		asn1_oid_get1;
		asn1_oid_new;
		asn1_oid_set0;
		asn1_oid_set1;
		asn1_primitive_dup;
		asn1_primitive_free;
		asn1_primitive_new;
		asn1_printable_string_new;
		asn1_sequence_new;
		asn1_set_new;
		asn1_string_dup;
		asn1_string_free;
		asn1_string_new;
		asn1_string_set0_data;
		asn1_t61_string_new;
		asn1_time_dup;
		asn1_time_free;
		asn1_time_new;
		asn1_time_print;
		asn1_univeral_string_new;
		asn1_utc_time_new;
		asn1_utf8_string_new;
		asn1_videotex_string_new;
		asn1_visible_string_new;
		bignum_add;
		bignum_bignum2bin;
		bignum_bin2bignum;
		bignum_check_prime;
		bignum_clear;
		bignum_clear_bit;
		bignum_cmp;
		bignum_copy;
		bignum_ctx_free;
		bignum_ctx_get;
		bignum_ctx_new;
		bignum_ctx_release;
		bignum_dec2bignum;
		bignum_div;
		bignum_div_mod;
		bignum_dup;
		bignum_exp;
		bignum_free;
		bignum_gcd;
		bignum_gencb_call;
		bignum_gencb_free;
		bignum_gencb_get_arg;
		bignum_gencb_new;
		bignum_gencb_set;
		bignum_generate_prime;
		bignum_grow;
		bignum_grow_front;
		bignum_hex2bignum;
		bignum_init;
		bignum_is_bit_set;
		bignum_lshift;
		bignum_lshift1;
		bignum_mod;
		bignum_mod_add;
		bignum_mod_exp;
		bignum_mod_inverse;
		bignum_mod_mul;
		bignum_mod_sqr;
		bignum_mod_sub;
		bignum_mod_word;
		bignum_move;
		bignum_mul;
		bignum_mul_word;
		bignum_new;
		bignum_nnmod;
		bignum_num_bits;
		bignum_num_bytes;
		bignum_print;
		bignum_printbin;
		bignum_printhex;
		bignum_rand;
		bignum_rand_range;
		bignum_reserve;
		bignum_resize;
		bignum_rshift;
		bignum_rshift1;
		bignum_set_bit;
		bignum_sqr;
		bignum_sub;
		bignum_swap;
		bignum_uadd;
		bignum_ucmp;
		bignum_udiv;
		bignum_udiv_mod;
		bignum_uexp;
		bignum_ulshift;
		bignum_ulshift1;
		bignum_umod;
		bignum_umod_exp;
		bignum_umul;
		bignum_urshift;
		bignum_urshift1;
		bignum_usqr;
		bignum_usub;
		bio_ctrl;
		bio_f_base64;
		bio_f_cipher;
		bio_f_null;
		bio_free;
		bio_free_all;
		bio_gets;
		bio_new;
		bio_new_fd;
		bio_new_file;
		bio_new_fp;
		bio_new_mem_buf;
		bio_pop;
		bio_printf;
		bio_push;
		bio_puts;
		bio_read;
		bio_set_next;
		bio_s_fd;
		bio_s_file;
		bio_s_mem;
		bio_up_ref;
		bio_vfree;
		bio_vprintf;
		bio_write;
		d2i_asn1_object;
		d2i_asn1_object_bio;
		d2i_asn1_object_fp;
		d2i_dh_params;
		d2i_dh_params_bio;
		d2i_dh_params_fp;
		d2i_dsa_params;
		d2i_dsa_params_bio;
		d2i_dsa_params_fp;
		d2i_dsa_private_key;
		d2i_dsa_private_key_bio;
		d2i_dsa_private_key_fp;
		d2i_dsa_pubkey;
		d2i_dsa_pubkey_bio;
		d2i_dsa_pubkey_fp;
		d2i_dsa_public_key;
		d2i_dsa_public_key_bio;
		d2i_dsa_public_key_fp;
		d2i_dsa_sig;
		d2i_dsa_sig_bio;
		d2i_dsa_sig_fp;
		d2i_pkcs8_private_key;
		d2i_pkcs8_private_key_bio;
		d2i_pkcs8_private_key_fp;
		d2i_private_key;
		d2i_private_key_bio;
		d2i_private_key_fp;
		d2i_pubkey;
		d2i_pubkey_bio;
		d2i_pubkey_fp;
		d2i_rsa_private_key;
		d2i_rsa_private_key_bio;
		d2i_rsa_private_key_fp;
		d2i_rsa_pubkey;
		d2i_rsa_pubkey_bio;
		d2i_rsa_pubkey_fp;
		d2i_rsa_public_key;
		d2i_rsa_public_key_bio;
		d2i_rsa_public_key_fp;
		d2i_x509;
		d2i_x509_algor;
		d2i_x509_algor_bio;
		d2i_x509_algor_fp;
		d2i_x509_bio;
		d2i_x509_extension;
		d2i_x509_extension_bio;
		d2i_x509_extension_fp;
		d2i_x509_fp;
		d2i_x509_name;
		d2i_x509_name_bio;
		d2i_x509_name_entry;
		d2i_x509_name_entry_bio;
		d2i_x509_name_entry_fp;
		d2i_x509_name_fp;
		d2i_x509_pubkey;
		d2i_x509_pubkey_bio;
		d2i_x509_pubkey_fp;
		dh_bits;
		dh_free;
		dh_generate_key;
		dh_generate_parameters;
		dh_new;
		dh_size;
		dh_up_ref;
		dsa_bits;
		dsa_free;
		dsa_generate_key;
		dsa_generate_parameters;
		dsa_new;
		dsa_sig_new;
		dsa_sig_free;
		dsa_sig_get0;
		dsa_sig_set0;
		dsa_sign;
		dsa_size;
		dsa_up_ref;
		dsa_verify;
		evp_adler32;
		evp_aes_128_cbc;
		evp_aes_128_cfb;
		evp_aes_128_ctr;
		evp_aes_128_ecb;
		evp_aes_128_gcm;
		evp_aes_128_ofb;
		evp_aes_128_pcbc;
		evp_aes_192_cbc;
		evp_aes_192_cfb;
		evp_aes_192_ctr;
		evp_aes_192_ecb;
		evp_aes_192_gcm;
		evp_aes_192_ofb;
		evp_aes_192_pcbc;
		evp_aes_256_cbc;
		evp_aes_256_cfb;
		evp_aes_256_ctr;
		evp_aes_256_ecb;
		evp_aes_256_gcm;
		evp_aes_256_ofb;
		evp_aes_256_pcbc;
		evp_aria_128_cbc;
		evp_aria_128_cfb;
		evp_aria_128_ctr;
		evp_aria_128_ecb;
		evp_aria_128_gcm;
		evp_aria_128_ofb;
		evp_aria_128_pcbc;
		evp_aria_192_cbc;
		evp_aria_192_cfb;
		evp_aria_192_ctr;
		evp_aria_192_ecb;
		evp_aria_192_gcm;
		evp_aria_192_ofb;
		evp_aria_192_pcbc;
		evp_aria_256_cbc;
		evp_aria_256_cfb;
		evp_aria_256_ctr;
		evp_aria_256_ecb;
		evp_aria_256_gcm;
		evp_aria_256_ofb;
		evp_aria_256_pcbc;
		evp_bf_cbc;
		evp_bf_cfb;
		evp_bf_ctr;
		evp_bf_ecb;
		evp_bf_ofb;
		evp_bf_pcbc;
		evp_bytestokey;
		evp_camellia_128_cbc;
		evp_camellia_128_cfb;
		evp_camellia_128_ctr;
		evp_camellia_128_ecb;
		evp_camellia_128_gcm;
		evp_camellia_128_ofb;
		evp_camellia_128_pcbc;
		evp_camellia_192_cbc;
		evp_camellia_192_cfb;
		evp_camellia_192_ctr;
		evp_camellia_192_ecb;
		evp_camellia_192_gcm;
		evp_camellia_192_ofb;
		evp_camellia_192_pcbc;
		evp_camellia_256_cbc;
		evp_camellia_256_cfb;
		evp_camellia_256_ctr;
		evp_camellia_256_ecb;
		evp_camellia_256_gcm;
		evp_camellia_256_ofb;
		evp_camellia_256_pcbc;
		evp_cast5_cbc;
		evp_cast5_cfb;
		evp_cast5_ctr;
		evp_cast5_ecb;
		evp_cast5_ofb;
		evp_cast5_pcbc;
		evp_chacha20;
		evp_cipher_ctx_free;
		evp_cipher_ctx_new;
		evp_cipher_final;
		evp_cipher_get_block_size;
		evp_cipher_get_iv_length;
		evp_cipher_get_key_length;
		evp_cipher_get0_name;
		evp_cipher_init;
		evp_cipher_update;
		evp_crc32;
		evp_decode_final;
		evp_decode_init;
		evp_decode_update;
		evp_des_cbc;
		evp_des_cfb;
		evp_des_ctr;
		evp_des_ecb;
		evp_des_ede3_cbc;
		evp_des_ede3_cfb;
		evp_des_ede3_ctr;
		evp_des_ede3_ecb;
		evp_des_ede3_ofb;
		evp_des_ede3_pcbc;
		evp_des_ede_cbc;
		evp_des_ede_cfb;
		evp_des_ede_ctr;
		evp_des_ede_ecb;
		evp_des_ede_ofb;
		evp_des_ede_pcbc;
		evp_des_ofb;
		evp_des_pcbc;
		evp_digest;
		evp_digest_final;
		evp_digest_init;
		evp_digest_update;
		evp_encode_block;
		evp_encode_ctx_free;
		evp_encode_ctx_new;
		evp_encode_final;
		evp_encode_init;
		evp_encode_update;
		evp_foreach_cipher;
		evp_foreach_digest;
		evp_get_cipherbyname;
		evp_get_digestbyname;
		evp_md2;
		evp_md4;
		evp_md5;
		evp_md_ctx_free;
		evp_md_ctx_new;
		evp_md_ctx_reset;
		evp_md_get_block_size;
		evp_md_get_size;
		evp_md_get0_name;
		evp_pkey_assign_dh;
		evp_pkey_assign_dsa;
		evp_pkey_assign_rsa;
		evp_pkey_ctx_free;
		evp_pkey_ctx_new;
		evp_pkey_ctx_set_rsa_padding;
		evp_pkey_ctx_set_signature_md;
		evp_pkey_decrypt;
		evp_pkey_decrypt_init;
		evp_pkey_derive;
		evp_pkey_derive_init;
		evp_pkey_encrypt;
		evp_pkey_encrypt_init;
		evp_pkey_free;
		evp_pkey_get0_dh;
		evp_pkey_get0_dsa;
		evp_pkey_get0_rsa;
		evp_pkey_get1_dh;
		evp_pkey_get1_dsa;
		evp_pkey_get1_rsa;
		evp_pkey_new;
		evp_pkey_set1_dh;
		evp_pkey_set1_dsa;
		evp_pkey_set1_rsa;
		evp_pkey_sign;
		evp_pkey_sign_init;
		evp_pkey_up_ref;
		evp_pkey_verify;
		evp_pkey_verify_init;
		evp_rc2_cbc;
		evp_rc2_cfb;
		evp_rc2_ctr;
		evp_rc2_ecb;
		evp_rc2_ofb;
		evp_rc2_pcbc;
		evp_rc4;
		evp_ripemd128;
		evp_ripemd160;
		evp_ripemd256;
		evp_ripemd320;
		evp_seed_cbc;
		evp_seed_cfb;
		evp_seed_ctr;
		evp_seed_ecb;
		evp_seed_gcm;
		evp_seed_ofb;
		evp_seed_pcbc;
		evp_serpent_128_cbc;
		evp_serpent_128_cfb;
		evp_serpent_128_ctr;
		evp_serpent_128_ecb;
		evp_serpent_128_gcm;
		evp_serpent_128_ofb;
		evp_serpent_128_pcbc;
		evp_serpent_192_cbc;
		evp_serpent_192_cfb;
		evp_serpent_192_ctr;
		evp_serpent_192_ecb;
		evp_serpent_192_gcm;
		evp_serpent_192_ofb;
		evp_serpent_192_pcbc;
		evp_serpent_256_cbc;
		evp_serpent_256_cfb;
		evp_serpent_256_ctr;
		evp_serpent_256_ecb;
		evp_serpent_256_gcm;
		evp_serpent_256_ofb;
		evp_serpent_256_pcbc;
		evp_sha0;
		evp_sha1;
		evp_sha224;
		evp_sha256;
		evp_sha384;
		evp_sha512;
		evp_sm3;
		evp_sm4_cbc;
		evp_sm4_cfb;
		evp_sm4_ctr;
		evp_sm4_ecb;
		evp_sm4_gcm;
		evp_sm4_ofb;
		evp_sm4_pcbc;
		hex2bin;
		hmac;
		hmac_ctx_free;
		hmac_ctx_new;
		hmac_final;
		hmac_init;
		hmac_size;
		hmac_update;
		i2a_dh_params;
		i2a_dsa_params;
		i2a_dsa_private_key;
		i2a_dsa_pubkey;
		i2a_dsa_public_key;
		i2a_dsa_sig;
		i2a_rsa_private_key;
		i2a_rsa_pubkey;
		i2a_rsa_public_key;
		i2a_x509;
		i2a_x509_algor;
		i2a_x509_extension;
		i2a_x509_name;
		i2a_x509_name_entry;
		i2a_x509_pubkey;
		i2d_asn1_object;
		i2d_asn1_object_bio;
		i2d_asn1_object_fp;
		i2d_dh_params;
		i2d_dh_params_bio;
		i2d_dh_params_fp;
		i2d_dsa_params;
		i2d_dsa_params_bio;
		i2d_dsa_params_fp;
		i2d_dsa_private_key;
		i2d_dsa_private_key_bio;
		i2d_dsa_private_key_fp;
		i2d_dsa_pubkey;
		i2d_dsa_pubkey_bio;
		i2d_dsa_pubkey_fp;
		i2d_dsa_public_key;
		i2d_dsa_public_key_bio;
		i2d_dsa_public_key_fp;
		i2d_dsa_sig;
		i2d_dsa_sig_bio;
		i2d_dsa_sig_fp;
		i2d_pkcs8_private_key;
		i2d_pkcs8_private_key_bio;
		i2d_pkcs8_private_key_fp;
		i2d_private_key;
		i2d_private_key_bio;
		i2d_private_key_fp;
		i2d_pubkey;
		i2d_pubkey_bio;
		i2d_pubkey_fp;
		i2d_rsa_private_key;
		i2d_rsa_private_key_bio;
		i2d_rsa_private_key_fp;
		i2d_rsa_pubkey;
		i2d_rsa_pubkey_bio;
		i2d_rsa_pubkey_fp;
		i2d_rsa_public_key;
		i2d_rsa_public_key_bio;
		i2d_rsa_public_key_fp;
		i2d_x509;
		i2d_x509_algor;
		i2d_x509_algor_bio;
		i2d_x509_algor_fp;
		i2d_x509_bio;
		i2d_x509_extension;
		i2d_x509_extension_bio;
		i2d_x509_extension_fp;
		i2d_x509_fp;
		i2d_x509_name;
		i2d_x509_name_bio;
		i2d_x509_name_entry;
		i2d_x509_name_entry_bio;
		i2d_x509_name_entry_fp;
		i2d_x509_name_fp;
		i2d_x509_pubkey;
		i2d_x509_pubkey_bio;
		i2d_x509_pubkey_fp;
		pem_read_asn1_object;
		pem_read_bio_asn1_object;
		pem_read_bio_dh_params;
		pem_read_bio_dsa_params;
		pem_read_bio_dsa_private_key;
		pem_read_bio_dsa_pubkey;
		pem_read_bio_dsa_public_key;
		pem_read_bio_pkcs8_private_key;
		pem_read_bio_private_key;
		pem_read_bio_pubkey;
		pem_read_bio_rsa_private_key;
		pem_read_bio_rsa_pubkey;
		pem_read_bio_rsa_public_key;
		pem_read_bio_x509;
		pem_read_dh_params;
		pem_read_dsa_params;
		pem_read_dsa_private_key;
		pem_read_dsa_pubkey;
		pem_read_dsa_public_key;
		pem_read_pkcs8_private_key;
		pem_read_private_key;
		pem_read_pubkey;
		pem_read_rsa_private_key;
		pem_read_rsa_pubkey;
		pem_read_rsa_public_key;
		pem_read_x509;
		pem_write_asn1_object;
		pem_write_bio_asn1_object;
		pem_write_bio_dh_params;
		pem_write_bio_dsa_params;
		pem_write_bio_dsa_private_key;
		pem_write_bio_dsa_pubkey;
		pem_write_bio_dsa_public_key;
		pem_write_bio_pkcs8_private_key;
		pem_write_bio_private_key;
		pem_write_bio_pubkey;
		pem_write_bio_rsa_private_key;
		pem_write_bio_rsa_pubkey;
		pem_write_bio_rsa_public_key;
		pem_write_bio_x509;
		pem_write_dh_params;
		pem_write_dsa_params;
		pem_write_dsa_private_key;
		pem_write_dsa_pubkey;
		pem_write_dsa_public_key;
		pem_write_pkcs8_private_key;
		pem_write_private_key;
		pem_write_pubkey;
		pem_write_rsa_private_key;
		pem_write_rsa_pubkey;
		pem_write_rsa_public_key;
		pem_write_x509;
		pkcs5_pbkdf2_hmac;
		pkcs5_pbkdf2_hmac_sha1;
		rand_bytes;
		rsa_bits;
		rsa_dec;
		rsa_enc;
		rsa_free;
		rsa_generate_key;
		rsa_new;
		rsa_private_decrypt;
		rsa_private_encrypt;
		rsa_public_encrypt;
		rsa_public_decrypt;
		rsa_sign;
		rsa_size;
		rsa_up_ref;
		rsa_verify;
		srp_calc_A;
		srp_calc_B;
		srp_calc_client_key;
		srp_calc_server_key;
		srp_calc_u;
		srp_calc_x;
		ssl_free;
		ssl_new;
		ssl_up_ref;
		x509_add_ext;
		x509_algor_free;
		x509_algor_get0;
		x509_algor_new;
		x509_algor_set0;
		x509_extension_create;
		x509_extension_free;
		x509_extension_new;
		x509_free;
		x509_get0_not_after;
		x509_get0_not_before;
		x509_get0_serial_number;
		x509_get_issuer_name;
		x509_get_serial_number;
		x509_get_subject_name;
		x509_get_version;
		x509_name_add0_entry;
		x509_name_entry_free;
		x509_name_entry_get_data;
		x509_name_entry_get_object;
		x509_name_entry_new;
		x509_name_free;
		x509_name_new;
		x509_name_print;
		x509_new;
		x509_print;
		x509_print_fp;
		x509_pubkey_free;
		x509_pubkey_new;
		x509_up_ref;
	local: *;
};
