GFX_1.0 {
	global:
		gfx_bind_attributes_state;
		gfx_bind_constant;
		gfx_bind_constant_state;
		gfx_bind_pipeline_state;
		gfx_bind_render_target;
		gfx_bind_samplers;
		gfx_bind_sampler_state;
		gfx_clear_color;
		gfx_clear_depth_stencil;
		gfx_create_attributes_state;
		gfx_create_blend_state;
		gfx_create_buffer;
		gfx_create_constant_state;
		gfx_create_cursor;
		gfx_create_depth_stencil_state;
		gfx_create_device;
		gfx_create_input_layout;
		gfx_create_native_cursor;
		gfx_create_pipeline_state;
		gfx_create_rasterizer_state;
		gfx_create_render_target;
		gfx_create_sampler_state;
		gfx_create_shader;
		gfx_create_shader_state;
		gfx_create_texture;
		gfx_create_window;
		gfx_delete_attributes_state;
		gfx_delete_blend_state;
		gfx_delete_buffer;
		gfx_delete_constant_state;
		gfx_delete_cursor;
		gfx_delete_depth_stencil_state;
		gfx_delete_input_layout;
		gfx_delete_pipeline_state;
		gfx_delete_rasterizer_state;
		gfx_delete_render_target;
		gfx_delete_sampler_state;
		gfx_delete_shader;
		gfx_delete_shader_state;
		gfx_delete_texture;
		gfx_delete_window;
		gfx_device_delete;
		gfx_device_tick;
		gfx_draw;
		gfx_draw_indexed;
		gfx_draw_indexed_indirect;
		gfx_draw_indexed_instanced;
		gfx_draw_indirect;
		gfx_draw_instanced;
		gfx_error_callback;
		gfx_finalize_texture;
		gfx_get_mouse_x;
		gfx_get_mouse_y;
		gfx_get_uniform_buffer_size;
		gfx_has_device_backend;
		gfx_has_window_backend;
		gfx_is_key_down;
		gfx_is_mouse_button_down;
		gfx_memory;
		gfx_resolve_render_target;
		gfx_set_buffer_data;
		gfx_set_constant;
		gfx_set_cursor;
		gfx_set_line_width;
		gfx_set_mouse_position;
		gfx_set_point_size;
		gfx_set_render_target_draw_buffers;
		gfx_set_render_target_texture;
		gfx_set_sampler;
		gfx_set_scissor;
		gfx_set_texture_addressing;
		gfx_set_texture_anisotropy;
		gfx_set_texture_data;
		gfx_set_texture_filtering;
		gfx_set_texture_levels;
		gfx_set_viewport;
		gfx_window_get_clipboard;
		gfx_window_grab_cursor;
		gfx_window_hide;
		gfx_window_make_current;
		gfx_window_poll_events;
		gfx_window_properties_init;
		gfx_window_resize;
		gfx_window_set_clipboard;
		gfx_window_set_icon;
		gfx_window_set_swap_interval;
		gfx_window_set_title;
		gfx_window_show;
		gfx_window_swap_buffers;
		gfx_window_ungrab_cursor;
		gfx_window_wait_events;
	local: *;
};
